
> empire-helper@0.1.0 build
> next build

npm : ??Warning: Next.js inf
erred your workspace root, b
ut it may not be correct.
위치 줄:1 문자:1
+ npm run build > build_erro
r.log 2>&1
+ ~~~~~~~~~~~~~~~~~~~~~~~~~~
~~~~~~~~~~
    + CategoryInfo          
    : NotSpecified: (??War  
  ning: Next...not be cor   
 rect.:String) [], Remot    
eException
    + FullyQualifiedErrorId 
    : NativeCommandError
 
 We detected multiple lockfi
les and selected the directo
ry of C:\Users\tourm\package
-lock.json as the root direc
tory.
 To silence this warning, se
t `turbopack.root` in your N
ext.js config, or consider r
emoving one of the lockfiles
 if it's not needed.
   See https://nextjs.org/do
cs/app/api-reference/config/
next-config-js/turbopack#roo
t-directory for more informa
tion.
 Detected additional lockfil
es: 
   * C:\Users\tourm\OneDrive
\臾몄꽌\?붿??몄뿞?뚯씠?퀹I\empire-hel
per\package-lock.json


> Build error occurred
Error: EPERM: operation not 
permitted, rmdir 'C:\Users\t
ourm\OneDrive\臾몄꽌\?붿??몄뿞?뚯씠?
퀹I\empire-helper\.next\build
\chunks'
    at ignore-listed frames 
{
  errno: -4048,
  code: 'EPERM',
  syscall: 'rmdir',
  path: 'C:\\Users\\tourm\\O
neDrive\\臾몄꽌\\?붿??몄뿞?뚯씠?퀹I\\
empire-helper\\.next\\build\
\chunks'
}
